V3 3
FL "C:/Users/James/Documents/College Semesters/8 Spring 2018/Junior Design/Lab1/Prog/Prog.vhd" 2018/01/24.13:55:09 P.20131013
EN work/Prog 1516820113 \
      FL "C:/Users/James/Documents/College Semesters/8 Spring 2018/Junior Design/Lab1/Prog/Prog.vhd" \
      PB ieee/std_logic_1164 1381692176 PB ieee/NUMERIC_STD 1381692181 \
      PB ieee/STD_LOGIC_UNSIGNED 1381692179
AR work/Prog/Behavioral 1516820114 \
      FL "C:/Users/James/Documents/College Semesters/8 Spring 2018/Junior Design/Lab1/Prog/Prog.vhd" \
      EN work/Prog 1516820113
