AR prog_2 behavioral "C:/Users/James/Documents/College Semesters/8 Spring 2018/Junior Design/Lab1/Prog_2/Prog_2.vhd" sub00/vhpl01 1516911541
EN debounce NULL "C:/Users/James/Documents/College Semesters/8 Spring 2018/Junior Design/Lab1/Prog_2/debounce(3).vhd" sub00/vhpl02 1516911538
EN prog_2 NULL "C:/Users/James/Documents/College Semesters/8 Spring 2018/Junior Design/Lab1/Prog_2/Prog_2.vhd" sub00/vhpl00 1516911540
AR debounce behavioral "C:/Users/James/Documents/College Semesters/8 Spring 2018/Junior Design/Lab1/Prog_2/debounce(3).vhd" sub00/vhpl03 1516911539
